mode: set
lr3go/array.go:12.26,17.2 1 1
lr3go/array.go:19.27,23.2 3 1
lr3go/array.go:25.28,28.27 1 1
lr3go/array.go:28.27,30.23 2 1
lr3go/array.go:30.23,32.4 1 1
lr3go/array.go:33.3,36.19 3 1
lr3go/array.go:40.53,41.20 1 1
lr3go/array.go:41.20,44.3 2 1
lr3go/array.go:46.2,49.21 2 1
lr3go/array.go:49.21,51.3 1 0
lr3go/array.go:51.8,55.3 2 1
lr3go/array.go:56.2,56.10 1 1
lr3go/array.go:59.40,62.26 2 1
lr3go/array.go:62.26,64.3 1 1
lr3go/array.go:64.8,66.3 1 0
lr3go/array.go:67.2,67.10 1 1
lr3go/array.go:70.55,71.34 1 1
lr3go/array.go:71.34,73.3 1 1
lr3go/array.go:74.2,74.27 1 1
lr3go/array.go:77.42,78.34 1 1
lr3go/array.go:78.34,81.3 2 1
lr3go/array.go:84.2,85.10 2 1
lr3go/array.go:88.60,89.34 1 1
lr3go/array.go:89.34,92.3 2 1
lr3go/array.go:94.2,96.116 3 1
lr3go/array.go:99.32,101.2 1 1
lr3go/array.go:103.27,104.17 1 1
lr3go/array.go:104.17,107.3 2 1
lr3go/array.go:109.2,110.30 2 1
lr3go/array.go:110.30,112.19 2 1
lr3go/array.go:112.19,114.4 1 1
lr3go/array.go:116.2,116.15 1 1
lr3go/array.go:120.36,125.2 3 1
lr3go/array.go:127.41,131.2 3 1
lr3go/dlist.go:19.24,25.2 1 1
lr3go/dlist.go:27.27,32.2 4 1
lr3go/dlist.go:34.43,41.19 2 1
lr3go/dlist.go:41.19,43.3 1 1
lr3go/dlist.go:43.8,45.3 1 1
lr3go/dlist.go:47.2,48.10 2 1
lr3go/dlist.go:51.43,58.19 2 1
lr3go/dlist.go:58.19,60.3 1 1
lr3go/dlist.go:60.8,62.3 1 1
lr3go/dlist.go:64.2,65.10 2 1
lr3go/dlist.go:68.53,69.19 1 1
lr3go/dlist.go:69.19,72.3 2 1
lr3go/dlist.go:74.2,75.47 2 1
lr3go/dlist.go:75.47,77.3 1 1
lr3go/dlist.go:79.2,79.20 1 1
lr3go/dlist.go:79.20,81.3 1 0
lr3go/dlist.go:83.2,83.23 1 1
lr3go/dlist.go:83.23,86.3 2 1
lr3go/dlist.go:88.2,95.10 4 1
lr3go/dlist.go:98.52,99.19 1 1
lr3go/dlist.go:99.19,102.3 2 1
lr3go/dlist.go:104.2,105.47 2 1
lr3go/dlist.go:105.47,107.3 1 1
lr3go/dlist.go:109.2,109.20 1 1
lr3go/dlist.go:109.20,111.3 1 0
lr3go/dlist.go:113.2,113.23 1 1
lr3go/dlist.go:113.23,116.3 2 1
lr3go/dlist.go:118.2,125.10 4 1
lr3go/dlist.go:128.33,129.19 1 1
lr3go/dlist.go:129.19,132.3 2 1
lr3go/dlist.go:134.2,134.22 1 1
lr3go/dlist.go:134.22,137.3 2 1
lr3go/dlist.go:137.8,140.3 2 1
lr3go/dlist.go:141.2,141.10 1 1
lr3go/dlist.go:144.33,145.19 1 1
lr3go/dlist.go:145.19,148.3 2 1
lr3go/dlist.go:150.2,150.22 1 1
lr3go/dlist.go:150.22,153.3 2 1
lr3go/dlist.go:153.8,156.3 2 1
lr3go/dlist.go:157.2,157.10 1 1
lr3go/dlist.go:160.48,161.41 1 1
lr3go/dlist.go:161.41,164.3 2 1
lr3go/dlist.go:166.2,167.47 2 1
lr3go/dlist.go:167.47,169.3 1 1
lr3go/dlist.go:171.2,171.43 1 1
lr3go/dlist.go:171.43,173.3 1 0
lr3go/dlist.go:175.2,175.28 1 1
lr3go/dlist.go:175.28,178.3 2 0
lr3go/dlist.go:180.2,183.10 4 1
lr3go/dlist.go:186.47,187.41 1 1
lr3go/dlist.go:187.41,190.3 2 1
lr3go/dlist.go:192.2,193.47 2 1
lr3go/dlist.go:193.47,195.3 1 1
lr3go/dlist.go:197.2,197.43 1 1
lr3go/dlist.go:197.43,199.3 1 0
lr3go/dlist.go:201.2,201.28 1 1
lr3go/dlist.go:201.28,204.3 2 0
lr3go/dlist.go:206.2,209.10 4 1
lr3go/dlist.go:212.46,213.19 1 1
lr3go/dlist.go:213.19,216.3 2 1
lr3go/dlist.go:218.2,219.46 2 1
lr3go/dlist.go:219.46,221.3 1 1
lr3go/dlist.go:223.2,223.20 1 1
lr3go/dlist.go:223.20,225.3 1 0
lr3go/dlist.go:227.2,227.23 1 1
lr3go/dlist.go:227.23,229.3 1 1
lr3go/dlist.go:229.8,229.30 1 1
lr3go/dlist.go:229.30,231.3 1 0
lr3go/dlist.go:231.8,235.3 3 1
lr3go/dlist.go:238.45,240.21 2 1
lr3go/dlist.go:240.21,241.28 1 1
lr3go/dlist.go:241.28,243.4 1 1
lr3go/dlist.go:244.3,244.25 1 1
lr3go/dlist.go:246.2,246.14 1 1
lr3go/dlist.go:249.50,250.34 1 1
lr3go/dlist.go:250.34,252.3 1 1
lr3go/dlist.go:254.2,256.22 2 1
lr3go/dlist.go:256.22,258.30 2 1
lr3go/dlist.go:258.30,260.4 1 1
lr3go/dlist.go:261.8,263.39 2 1
lr3go/dlist.go:263.39,265.4 1 1
lr3go/dlist.go:267.2,267.26 1 1
lr3go/dlist.go:270.35,271.19 1 1
lr3go/dlist.go:271.19,274.3 2 0
lr3go/dlist.go:276.2,278.21 3 1
lr3go/dlist.go:278.21,280.26 2 1
lr3go/dlist.go:280.26,282.4 1 1
lr3go/dlist.go:283.3,283.25 1 1
lr3go/dlist.go:285.2,285.25 1 1
lr3go/dlist.go:288.36,289.19 1 1
lr3go/dlist.go:289.19,292.3 2 0
lr3go/dlist.go:294.2,296.21 3 1
lr3go/dlist.go:296.21,298.26 2 1
lr3go/dlist.go:298.26,300.4 1 1
lr3go/dlist.go:301.3,301.25 1 1
lr3go/dlist.go:303.2,303.25 1 1
lr3go/dlist.go:306.32,308.2 1 1
lr3go/dlist.go:311.35,314.21 3 1
lr3go/dlist.go:314.21,317.3 2 1
lr3go/dlist.go:318.2,318.15 1 1
lr3go/dlist.go:321.40,323.29 2 1
lr3go/dlist.go:323.29,325.3 1 1
lr3go/hashmap.go:13.30,18.2 1 1
lr3go/hashmap.go:26.60,27.19 1 1
lr3go/hashmap.go:27.19,29.3 1 1
lr3go/hashmap.go:30.2,34.3 1 1
lr3go/hashmap.go:37.48,39.2 1 1
lr3go/hashmap.go:41.50,43.28 1 1
lr3go/hashmap.go:43.28,45.3 1 1
lr3go/hashmap.go:47.2,51.24 3 1
lr3go/hashmap.go:51.24,53.3 1 1
lr3go/hashmap.go:53.8,55.27 2 1
lr3go/hashmap.go:55.27,57.4 1 1
lr3go/hashmap.go:58.3,58.25 1 1
lr3go/hashmap.go:60.2,60.11 1 1
lr3go/hashmap.go:63.46,68.21 4 1
lr3go/hashmap.go:68.21,69.33 1 1
lr3go/hashmap.go:69.33,70.19 1 1
lr3go/hashmap.go:70.19,72.5 1 1
lr3go/hashmap.go:72.10,74.5 1 1
lr3go/hashmap.go:75.4,76.10 2 1
lr3go/hashmap.go:78.3,79.25 2 1
lr3go/hashmap.go:88.63,92.21 3 1
lr3go/hashmap.go:92.21,93.33 1 1
lr3go/hashmap.go:93.33,95.4 1 1
lr3go/hashmap.go:96.3,96.25 1 1
lr3go/hashmap.go:98.2,98.34 1 1
lr3go/hashmap.go:101.48,104.35 2 1
lr3go/hashmap.go:104.35,108.21 3 1
lr3go/hashmap.go:108.21,110.4 1 1
lr3go/hashmap.go:110.9,111.23 1 1
lr3go/hashmap.go:111.23,113.28 2 1
lr3go/hashmap.go:113.28,115.6 1 1
lr3go/hashmap.go:116.5,116.27 1 1
lr3go/hashmap.go:119.3,119.23 1 1
lr3go/hashmap.go:122.2,122.20 1 1
lr3go/hashmap.go:125.56,127.35 2 1
lr3go/hashmap.go:127.35,129.22 2 1
lr3go/hashmap.go:129.22,132.4 2 1
lr3go/hashmap.go:134.2,134.17 1 1
lr3go/hashmap.go:137.94,143.35 5 1
lr3go/hashmap.go:143.35,147.22 3 1
lr3go/hashmap.go:147.22,150.4 2 1
lr3go/hashmap.go:152.3,152.17 1 1
lr3go/hashmap.go:152.17,153.26 1 1
lr3go/hashmap.go:153.26,155.5 1 1
lr3go/hashmap.go:156.4,156.26 1 1
lr3go/hashmap.go:156.26,158.5 1 1
lr3go/hashmap.go:159.4,160.20 2 1
lr3go/hashmap.go:165.2,165.25 1 1
lr3go/hashmap.go:165.25,169.3 3 1
lr3go/hashmap.go:169.8,171.3 1 1
lr3go/hashmap.go:172.2,172.8 1 1
lr3go/hashmap.go:175.44,177.2 1 1
lr3go/hashmap.go:179.48,181.2 1 1
lr3go/hashmap.go:183.54,184.21 1 1
lr3go/hashmap.go:184.21,186.3 1 1
lr3go/hashmap.go:187.2,187.12 1 0
lr3go/hashmap.go:190.38,191.35 1 1
lr3go/hashmap.go:191.35,193.3 1 1
lr3go/hashmap.go:194.2,194.13 1 1
lr3go/hashmap.go:197.45,199.2 1 1
lr3go/main.go:22.13,29.6 5 0
lr3go/main.go:29.6,31.22 2 0
lr3go/main.go:31.22,32.9 1 0
lr3go/main.go:35.3,36.39 2 0
lr3go/main.go:36.39,37.9 1 0
lr3go/main.go:40.3,40.17 1 0
lr3go/main.go:40.17,41.12 1 0
lr3go/main.go:44.3,44.23 1 0
lr3go/main.go:47.2,47.55 1 0
lr3go/main.go:50.37,52.21 2 0
lr3go/main.go:52.21,54.3 1 0
lr3go/main.go:56.2,56.18 1 0
lr3go/main.go:57.14,58.14 1 0
lr3go/main.go:59.14,60.12 1 0
lr3go/main.go:61.14,62.19 1 0
lr3go/main.go:63.15,64.13 1 0
lr3go/main.go:65.16,66.28 1 0
lr3go/main.go:67.15,68.28 1 0
lr3go/main.go:69.15,70.28 1 0
lr3go/main.go:71.15,72.28 1 0
lr3go/main.go:73.15,74.28 1 0
lr3go/main.go:75.14,76.27 1 0
lr3go/main.go:77.22,78.32 1 0
lr3go/main.go:79.14,80.27 1 0
lr3go/main.go:81.14,82.27 1 0
lr3go/main.go:83.10,85.70 2 0
lr3go/main.go:89.18,155.2 1 0
lr3go/main.go:157.16,183.38 20 0
lr3go/main.go:183.38,185.3 1 0
lr3go/main.go:186.2,195.38 8 0
lr3go/main.go:195.38,197.3 1 0
lr3go/main.go:198.2,232.16 24 0
lr3go/main.go:232.16,234.3 1 0
lr3go/main.go:234.8,236.3 1 0
lr3go/main.go:239.2,241.16 3 0
lr3go/main.go:241.16,243.3 1 0
lr3go/main.go:243.8,246.3 2 0
lr3go/main.go:249.23,253.22 3 0
lr3go/main.go:253.22,255.3 1 0
lr3go/main.go:255.8,256.28 1 0
lr3go/main.go:256.28,258.4 1 0
lr3go/main.go:259.3,259.16 1 0
lr3go/main.go:262.2,263.27 2 0
lr3go/main.go:263.27,265.3 1 0
lr3go/main.go:265.8,266.33 1 0
lr3go/main.go:266.33,268.4 1 0
lr3go/main.go:269.3,269.16 1 0
lr3go/main.go:272.2,273.27 2 0
lr3go/main.go:273.27,275.3 1 0
lr3go/main.go:275.8,276.33 1 0
lr3go/main.go:276.33,278.4 1 0
lr3go/main.go:279.3,279.16 1 0
lr3go/main.go:282.2,283.22 2 0
lr3go/main.go:283.22,285.3 1 0
lr3go/main.go:285.8,286.28 1 0
lr3go/main.go:286.28,288.4 1 0
lr3go/main.go:289.3,289.16 1 0
lr3go/main.go:292.2,293.22 2 0
lr3go/main.go:293.22,295.3 1 0
lr3go/main.go:295.8,296.28 1 0
lr3go/main.go:296.28,298.4 1 0
lr3go/main.go:299.3,299.16 1 0
lr3go/main.go:302.2,303.21 2 0
lr3go/main.go:303.21,305.3 1 0
lr3go/main.go:305.8,306.27 1 0
lr3go/main.go:306.27,308.4 1 0
lr3go/main.go:309.3,309.16 1 0
lr3go/main.go:312.2,313.26 2 0
lr3go/main.go:313.26,315.3 1 0
lr3go/main.go:315.8,316.32 1 0
lr3go/main.go:316.32,318.4 1 0
lr3go/main.go:319.3,319.16 1 0
lr3go/main.go:323.17,332.2 8 0
lr3go/main.go:335.41,336.20 1 0
lr3go/main.go:336.20,339.3 2 0
lr3go/main.go:341.2,345.40 3 0
lr3go/main.go:345.40,347.3 1 0
lr3go/main.go:349.2,351.17 2 0
lr3go/main.go:352.17,353.21 1 0
lr3go/main.go:353.21,356.4 2 0
lr3go/main.go:357.3,357.24 1 0
lr3go/main.go:359.19,360.21 1 0
lr3go/main.go:360.21,363.4 2 0
lr3go/main.go:364.3,365.17 2 0
lr3go/main.go:365.17,368.4 2 0
lr3go/main.go:369.3,369.33 1 0
lr3go/main.go:371.19,372.21 1 0
lr3go/main.go:372.21,375.4 2 0
lr3go/main.go:376.3,377.17 2 0
lr3go/main.go:377.17,380.4 2 0
lr3go/main.go:381.3,382.17 2 0
lr3go/main.go:382.17,384.4 1 0
lr3go/main.go:384.9,386.4 1 0
lr3go/main.go:388.16,389.15 1 0
lr3go/main.go:391.17,392.29 1 0
lr3go/main.go:394.16,395.15 1 0
lr3go/main.go:397.10,398.84 1 0
lr3go/main.go:402.41,403.20 1 0
lr3go/main.go:403.20,406.3 2 0
lr3go/main.go:408.2,411.45 3 0
lr3go/main.go:411.45,413.3 1 0
lr3go/main.go:415.2,417.17 2 0
lr3go/main.go:418.21,419.21 1 0
lr3go/main.go:419.21,422.4 2 0
lr3go/main.go:423.3,423.29 1 0
lr3go/main.go:425.21,426.21 1 0
lr3go/main.go:426.21,429.4 2 0
lr3go/main.go:430.3,430.29 1 0
lr3go/main.go:432.18,433.21 1 0
lr3go/main.go:433.21,436.4 2 0
lr3go/main.go:437.3,437.30 1 0
lr3go/main.go:437.30,439.4 1 0
lr3go/main.go:439.9,441.4 1 0
lr3go/main.go:443.25,444.25 1 0
lr3go/main.go:446.18,447.31 1 0
lr3go/main.go:449.10,450.82 1 0
lr3go/main.go:454.41,455.20 1 0
lr3go/main.go:455.20,458.3 2 0
lr3go/main.go:460.2,463.45 3 0
lr3go/main.go:463.45,465.3 1 0
lr3go/main.go:467.2,469.17 2 0
lr3go/main.go:470.21,471.21 1 0
lr3go/main.go:471.21,474.4 2 0
lr3go/main.go:475.3,475.29 1 0
lr3go/main.go:477.21,478.21 1 0
lr3go/main.go:478.21,481.4 2 0
lr3go/main.go:482.3,482.29 1 0
lr3go/main.go:484.25,485.25 1 0
lr3go/main.go:487.26,488.26 1 0
lr3go/main.go:490.18,491.31 1 0
lr3go/main.go:493.10,494.105 1 0
lr3go/main.go:498.41,499.20 1 0
lr3go/main.go:499.20,502.3 2 0
lr3go/main.go:504.2,507.40 3 0
lr3go/main.go:507.40,509.3 1 0
lr3go/main.go:511.2,513.17 2 0
lr3go/main.go:514.15,515.21 1 0
lr3go/main.go:515.21,518.4 2 0
lr3go/main.go:519.3,519.20 1 0
lr3go/main.go:521.14,523.17 2 0
lr3go/main.go:523.17,525.4 1 0
lr3go/main.go:525.9,527.4 1 0
lr3go/main.go:529.16,530.13 1 0
lr3go/main.go:532.10,533.80 1 0
lr3go/main.go:537.41,538.20 1 0
lr3go/main.go:538.20,541.3 2 0
lr3go/main.go:543.2,546.40 3 0
lr3go/main.go:546.40,548.3 1 0
lr3go/main.go:550.2,552.17 2 0
lr3go/main.go:553.15,554.21 1 0
lr3go/main.go:554.21,557.4 2 0
lr3go/main.go:558.3,558.20 1 0
lr3go/main.go:560.14,562.17 2 0
lr3go/main.go:562.17,564.4 1 0
lr3go/main.go:564.9,566.4 1 0
lr3go/main.go:568.16,569.13 1 0
lr3go/main.go:571.10,572.84 1 0
lr3go/main.go:576.40,577.20 1 0
lr3go/main.go:577.20,580.3 2 0
lr3go/main.go:582.2,585.39 3 0
lr3go/main.go:585.39,587.3 1 0
lr3go/main.go:589.2,591.17 2 0
lr3go/main.go:592.17,593.21 1 0
lr3go/main.go:593.21,596.4 2 0
lr3go/main.go:597.3,597.22 1 0
lr3go/main.go:599.17,600.21 1 0
lr3go/main.go:600.21,603.4 2 0
lr3go/main.go:604.3,604.26 1 0
lr3go/main.go:604.26,606.4 1 0
lr3go/main.go:606.9,608.4 1 0
lr3go/main.go:610.24,611.21 1 0
lr3go/main.go:613.21,614.18 1 0
lr3go/main.go:616.10,617.82 1 0
lr3go/main.go:621.45,622.20 1 0
lr3go/main.go:622.20,626.3 3 0
lr3go/main.go:628.2,631.44 3 0
lr3go/main.go:631.44,633.3 1 0
lr3go/main.go:635.2,637.17 2 0
lr3go/main.go:638.14,639.21 1 0
lr3go/main.go:639.21,642.4 2 0
lr3go/main.go:643.3,644.17 2 0
lr3go/main.go:644.17,647.4 2 0
lr3go/main.go:648.3,649.17 2 0
lr3go/main.go:649.17,652.4 2 0
lr3go/main.go:653.3,654.83 2 0
lr3go/main.go:656.14,657.21 1 0
lr3go/main.go:657.21,660.4 2 0
lr3go/main.go:661.3,662.17 2 0
lr3go/main.go:662.17,665.4 2 0
lr3go/main.go:666.3,667.19 2 0
lr3go/main.go:667.19,669.4 1 0
lr3go/main.go:669.9,671.4 1 0
lr3go/main.go:673.16,674.27 1 0
lr3go/main.go:676.15,679.84 3 0
lr3go/main.go:681.10,682.91 1 0
lr3go/main.go:686.40,687.20 1 0
lr3go/main.go:687.20,692.3 4 0
lr3go/main.go:694.2,700.38 5 0
lr3go/main.go:700.38,702.3 1 0
lr3go/main.go:702.8,702.27 1 0
lr3go/main.go:702.27,704.17 2 0
lr3go/main.go:705.15,706.22 1 0
lr3go/main.go:707.17,708.22 1 0
lr3go/main.go:712.2,715.18 3 0
lr3go/main.go:716.15,717.34 1 0
lr3go/main.go:718.15,719.39 1 0
lr3go/main.go:720.15,721.39 1 0
lr3go/main.go:722.15,723.34 1 0
lr3go/main.go:724.15,725.34 1 0
lr3go/main.go:726.14,727.33 1 0
lr3go/main.go:728.19,729.38 1 0
lr3go/main.go:730.10,732.9 2 0
lr3go/main.go:735.2,735.12 1 0
lr3go/main.go:735.12,738.3 2 0
lr3go/main.go:740.2,741.16 2 0
lr3go/main.go:741.16,743.3 1 0
lr3go/main.go:743.8,745.3 1 0
lr3go/main.go:748.40,749.20 1 0
lr3go/main.go:749.20,754.3 4 0
lr3go/main.go:756.2,765.18 6 0
lr3go/main.go:766.15,767.26 1 0
lr3go/main.go:768.15,769.25 1 0
lr3go/main.go:770.15,771.25 1 0
lr3go/main.go:772.15,773.25 1 0
lr3go/main.go:774.15,775.25 1 0
lr3go/main.go:776.14,777.26 1 0
lr3go/main.go:778.19,779.39 1 0
lr3go/main.go:780.10,782.9 2 0
lr3go/main.go:785.2,786.16 2 0
lr3go/main.go:786.16,789.3 2 0
lr3go/main.go:792.2,792.18 1 0
lr3go/main.go:793.15,794.40 1 0
lr3go/main.go:795.15,796.44 1 0
lr3go/main.go:797.15,798.44 1 0
lr3go/main.go:799.15,800.39 1 0
lr3go/main.go:801.15,802.39 1 0
lr3go/main.go:803.14,804.39 1 0
lr3go/main.go:805.19,806.55 1 0
lr3go/main.go:809.2,809.127 1 0
lr3go/queue.go:18.24,24.2 1 1
lr3go/queue.go:26.26,31.2 4 1
lr3go/queue.go:33.37,39.19 2 1
lr3go/queue.go:39.19,42.3 2 1
lr3go/queue.go:42.8,45.3 2 1
lr3go/queue.go:46.2,46.10 1 1
lr3go/queue.go:49.40,50.20 1 1
lr3go/queue.go:50.20,52.3 1 1
lr3go/queue.go:54.2,57.20 3 1
lr3go/queue.go:57.20,59.3 1 1
lr3go/queue.go:60.2,61.19 2 1
lr3go/queue.go:64.42,65.20 1 1
lr3go/queue.go:65.20,67.3 1 1
lr3go/queue.go:68.2,68.26 1 1
lr3go/queue.go:71.26,72.20 1 1
lr3go/queue.go:72.20,75.3 2 1
lr3go/queue.go:77.2,79.21 3 1
lr3go/queue.go:79.21,81.26 2 1
lr3go/queue.go:81.26,83.4 1 0
lr3go/queue.go:84.3,84.25 1 1
lr3go/queue.go:86.2,86.25 1 1
lr3go/queue.go:89.32,91.2 1 1
lr3go/queue.go:93.28,95.2 1 1
lr3go/queue.go:98.35,101.21 3 1
lr3go/queue.go:101.21,104.3 2 1
lr3go/queue.go:105.2,105.15 1 1
lr3go/queue.go:108.40,110.29 2 1
lr3go/queue.go:110.29,112.3 1 1
lr3go/serialization.go:17.58,19.16 2 1
lr3go/serialization.go:19.16,21.3 1 1
lr3go/serialization.go:22.2,26.28 4 1
lr3go/serialization.go:26.28,32.3 4 1
lr3go/serialization.go:34.2,34.12 1 1
lr3go/serialization.go:37.60,39.16 2 1
lr3go/serialization.go:39.16,41.3 1 1
lr3go/serialization.go:42.2,47.21 3 1
lr3go/serialization.go:47.21,49.3 1 0
lr3go/serialization.go:51.2,53.16 3 1
lr3go/serialization.go:53.16,55.3 1 1
lr3go/serialization.go:57.2,57.14 1 1
lr3go/serialization.go:57.14,59.3 1 0
lr3go/serialization.go:61.2,62.28 2 1
lr3go/serialization.go:62.28,63.22 1 1
lr3go/serialization.go:63.22,65.4 1 1
lr3go/serialization.go:67.3,72.30 5 1
lr3go/serialization.go:75.2,75.38 1 1
lr3go/serialization.go:75.38,77.3 1 0
lr3go/serialization.go:79.2,80.12 2 1
lr3go/serialization.go:84.60,86.16 2 1
lr3go/serialization.go:86.16,88.3 1 0
lr3go/serialization.go:89.2,96.16 5 1
lr3go/serialization.go:96.16,98.3 1 0
lr3go/serialization.go:101.2,101.27 1 1
lr3go/serialization.go:101.27,104.17 3 1
lr3go/serialization.go:104.17,106.4 1 0
lr3go/serialization.go:108.3,109.17 2 1
lr3go/serialization.go:109.17,111.4 1 0
lr3go/serialization.go:114.2,114.12 1 1
lr3go/serialization.go:117.62,119.16 2 1
lr3go/serialization.go:119.16,121.3 1 0
lr3go/serialization.go:122.2,126.16 4 1
lr3go/serialization.go:126.16,128.3 1 0
lr3go/serialization.go:130.2,131.36 2 1
lr3go/serialization.go:131.36,134.17 3 1
lr3go/serialization.go:134.17,136.4 1 0
lr3go/serialization.go:138.3,140.17 3 1
lr3go/serialization.go:140.17,142.4 1 0
lr3go/serialization.go:144.3,144.28 1 1
lr3go/serialization.go:147.2,148.12 2 1
lr3go/serialization.go:154.58,156.16 2 1
lr3go/serialization.go:156.16,158.3 1 1
lr3go/serialization.go:159.2,163.28 4 1
lr3go/serialization.go:163.28,169.3 4 1
lr3go/serialization.go:171.2,171.12 1 1
lr3go/serialization.go:174.60,176.16 2 1
lr3go/serialization.go:176.16,178.3 1 1
lr3go/serialization.go:179.2,184.21 3 1
lr3go/serialization.go:184.21,186.3 1 0
lr3go/serialization.go:188.2,190.16 3 1
lr3go/serialization.go:190.16,192.3 1 1
lr3go/serialization.go:194.2,194.14 1 1
lr3go/serialization.go:194.14,196.3 1 0
lr3go/serialization.go:198.2,199.28 2 1
lr3go/serialization.go:199.28,200.22 1 1
lr3go/serialization.go:200.22,202.4 1 1
lr3go/serialization.go:204.3,209.30 5 1
lr3go/serialization.go:212.2,212.38 1 1
lr3go/serialization.go:212.38,214.3 1 0
lr3go/serialization.go:216.2,217.12 2 1
lr3go/serialization.go:221.60,223.16 2 1
lr3go/serialization.go:223.16,225.3 1 1
lr3go/serialization.go:226.2,233.16 5 1
lr3go/serialization.go:233.16,235.3 1 0
lr3go/serialization.go:238.2,238.27 1 1
lr3go/serialization.go:238.27,241.17 3 1
lr3go/serialization.go:241.17,243.4 1 0
lr3go/serialization.go:245.3,246.17 2 1
lr3go/serialization.go:246.17,248.4 1 0
lr3go/serialization.go:251.2,251.12 1 1
lr3go/serialization.go:254.62,256.16 2 1
lr3go/serialization.go:256.16,258.3 1 1
lr3go/serialization.go:259.2,263.16 4 1
lr3go/serialization.go:263.16,265.3 1 0
lr3go/serialization.go:267.2,267.15 1 1
lr3go/serialization.go:267.15,269.3 1 0
lr3go/serialization.go:271.2,272.36 2 1
lr3go/serialization.go:272.36,275.17 3 1
lr3go/serialization.go:275.17,277.4 1 1
lr3go/serialization.go:279.3,279.17 1 1
lr3go/serialization.go:279.17,281.4 1 0
lr3go/serialization.go:283.3,285.17 3 1
lr3go/serialization.go:285.17,287.4 1 0
lr3go/serialization.go:288.3,288.25 1 1
lr3go/serialization.go:288.25,290.4 1 0
lr3go/serialization.go:292.3,292.40 1 1
lr3go/serialization.go:295.2,296.12 2 1
lr3go/serialization.go:302.58,304.16 2 1
lr3go/serialization.go:304.16,306.3 1 1
lr3go/serialization.go:307.2,311.28 4 1
lr3go/serialization.go:311.28,317.3 4 1
lr3go/serialization.go:319.2,319.12 1 1
lr3go/serialization.go:322.60,324.16 2 1
lr3go/serialization.go:324.16,326.3 1 0
lr3go/serialization.go:327.2,332.21 3 1
lr3go/serialization.go:332.21,334.3 1 0
lr3go/serialization.go:336.2,338.16 3 1
lr3go/serialization.go:338.16,340.3 1 1
lr3go/serialization.go:342.2,342.14 1 1
lr3go/serialization.go:342.14,344.3 1 0
lr3go/serialization.go:346.2,347.28 2 1
lr3go/serialization.go:347.28,348.22 1 1
lr3go/serialization.go:348.22,350.4 1 0
lr3go/serialization.go:352.3,357.30 5 1
lr3go/serialization.go:360.2,360.38 1 1
lr3go/serialization.go:360.38,362.3 1 0
lr3go/serialization.go:364.2,365.12 2 1
lr3go/serialization.go:369.60,371.16 2 1
lr3go/serialization.go:371.16,373.3 1 0
lr3go/serialization.go:374.2,381.16 5 1
lr3go/serialization.go:381.16,383.3 1 0
lr3go/serialization.go:386.2,386.27 1 1
lr3go/serialization.go:386.27,389.17 3 1
lr3go/serialization.go:389.17,391.4 1 0
lr3go/serialization.go:393.3,394.17 2 1
lr3go/serialization.go:394.17,396.4 1 0
lr3go/serialization.go:399.2,399.12 1 1
lr3go/serialization.go:402.62,404.16 2 1
lr3go/serialization.go:404.16,406.3 1 0
lr3go/serialization.go:407.2,411.16 4 1
lr3go/serialization.go:411.16,413.3 1 0
lr3go/serialization.go:415.2,416.36 2 1
lr3go/serialization.go:416.36,419.17 3 1
lr3go/serialization.go:419.17,421.4 1 1
lr3go/serialization.go:423.3,425.17 3 1
lr3go/serialization.go:425.17,427.4 1 0
lr3go/serialization.go:429.3,429.28 1 1
lr3go/serialization.go:432.2,433.12 2 1
lr3go/serialization.go:439.55,441.16 2 1
lr3go/serialization.go:441.16,443.3 1 1
lr3go/serialization.go:444.2,448.29 4 1
lr3go/serialization.go:448.29,454.3 4 1
lr3go/serialization.go:456.2,456.12 1 1
lr3go/serialization.go:459.57,461.16 2 1
lr3go/serialization.go:461.16,463.3 1 0
lr3go/serialization.go:464.2,469.21 3 1
lr3go/serialization.go:469.21,471.3 1 1
lr3go/serialization.go:473.2,475.16 3 1
lr3go/serialization.go:475.16,477.3 1 1
lr3go/serialization.go:479.2,479.14 1 1
lr3go/serialization.go:479.14,481.3 1 0
lr3go/serialization.go:483.2,484.28 2 1
lr3go/serialization.go:484.28,485.22 1 1
lr3go/serialization.go:485.22,487.4 1 0
lr3go/serialization.go:489.3,494.30 5 1
lr3go/serialization.go:497.2,497.38 1 1
lr3go/serialization.go:497.38,499.3 1 0
lr3go/serialization.go:501.2,502.12 2 1
lr3go/serialization.go:506.57,508.16 2 1
lr3go/serialization.go:508.16,510.3 1 1
lr3go/serialization.go:511.2,518.16 5 1
lr3go/serialization.go:518.16,520.3 1 0
lr3go/serialization.go:523.2,523.28 1 1
lr3go/serialization.go:523.28,526.17 3 1
lr3go/serialization.go:526.17,528.4 1 0
lr3go/serialization.go:530.3,531.17 2 1
lr3go/serialization.go:531.17,533.4 1 0
lr3go/serialization.go:536.2,536.12 1 1
lr3go/serialization.go:539.59,541.16 2 1
lr3go/serialization.go:541.16,543.3 1 0
lr3go/serialization.go:544.2,548.16 4 1
lr3go/serialization.go:548.16,550.3 1 0
lr3go/serialization.go:552.2,552.15 1 1
lr3go/serialization.go:552.15,554.3 1 1
lr3go/serialization.go:556.2,557.36 2 1
lr3go/serialization.go:557.36,560.17 3 1
lr3go/serialization.go:560.17,562.4 1 0
lr3go/serialization.go:564.3,564.17 1 1
lr3go/serialization.go:564.17,566.4 1 0
lr3go/serialization.go:568.3,570.17 3 1
lr3go/serialization.go:570.17,572.4 1 0
lr3go/serialization.go:573.3,573.25 1 1
lr3go/serialization.go:573.25,575.4 1 0
lr3go/serialization.go:577.3,577.40 1 1
lr3go/serialization.go:580.2,581.12 2 1
lr3go/serialization.go:587.55,589.16 2 1
lr3go/serialization.go:589.16,591.3 1 0
lr3go/serialization.go:592.2,596.28 4 1
lr3go/serialization.go:596.28,602.3 4 1
lr3go/serialization.go:604.2,604.12 1 1
lr3go/serialization.go:607.57,609.16 2 1
lr3go/serialization.go:609.16,611.3 1 0
lr3go/serialization.go:612.2,617.21 3 1
lr3go/serialization.go:617.21,619.3 1 0
lr3go/serialization.go:621.2,623.16 3 1
lr3go/serialization.go:623.16,625.3 1 1
lr3go/serialization.go:627.2,627.14 1 1
lr3go/serialization.go:627.14,629.3 1 0
lr3go/serialization.go:631.2,632.28 2 1
lr3go/serialization.go:632.28,633.22 1 1
lr3go/serialization.go:633.22,635.4 1 1
lr3go/serialization.go:637.3,642.30 5 1
lr3go/serialization.go:645.2,645.38 1 1
lr3go/serialization.go:645.38,647.3 1 0
lr3go/serialization.go:649.2,650.12 2 1
lr3go/serialization.go:654.57,656.16 2 1
lr3go/serialization.go:656.16,658.3 1 1
lr3go/serialization.go:659.2,666.16 5 1
lr3go/serialization.go:666.16,668.3 1 0
lr3go/serialization.go:671.2,671.27 1 1
lr3go/serialization.go:671.27,674.17 3 1
lr3go/serialization.go:674.17,676.4 1 0
lr3go/serialization.go:678.3,679.17 2 1
lr3go/serialization.go:679.17,681.4 1 0
lr3go/serialization.go:684.2,684.12 1 1
lr3go/serialization.go:687.59,689.16 2 1
lr3go/serialization.go:689.16,691.3 1 0
lr3go/serialization.go:692.2,696.16 4 1
lr3go/serialization.go:696.16,698.3 1 0
lr3go/serialization.go:700.2,700.15 1 1
lr3go/serialization.go:700.15,702.3 1 0
lr3go/serialization.go:704.2,705.36 2 1
lr3go/serialization.go:705.36,708.17 3 1
lr3go/serialization.go:708.17,710.4 1 0
lr3go/serialization.go:712.3,712.17 1 1
lr3go/serialization.go:712.17,714.4 1 0
lr3go/serialization.go:716.3,718.17 3 1
lr3go/serialization.go:718.17,720.4 1 0
lr3go/serialization.go:721.3,721.25 1 1
lr3go/serialization.go:721.25,723.4 1 0
lr3go/serialization.go:725.3,725.40 1 1
lr3go/serialization.go:728.2,729.12 2 1
lr3go/serialization.go:735.55,737.16 2 1
lr3go/serialization.go:737.16,739.3 1 0
lr3go/serialization.go:740.2,744.29 4 1
lr3go/serialization.go:744.29,746.26 2 1
lr3go/serialization.go:746.26,748.4 1 1
lr3go/serialization.go:750.3,754.36 5 1
lr3go/serialization.go:757.2,757.12 1 1
lr3go/serialization.go:760.57,762.16 2 1
lr3go/serialization.go:762.16,764.3 1 0
lr3go/serialization.go:765.2,770.21 3 1
lr3go/serialization.go:770.21,772.3 1 0
lr3go/serialization.go:774.2,776.16 3 1
lr3go/serialization.go:776.16,778.3 1 0
lr3go/serialization.go:780.2,780.14 1 1
lr3go/serialization.go:780.14,782.3 1 0
lr3go/serialization.go:784.2,785.28 2 1
lr3go/serialization.go:785.28,787.22 1 1
lr3go/serialization.go:787.22,789.4 1 0
lr3go/serialization.go:790.3,797.22 5 1
lr3go/serialization.go:797.22,799.4 1 0
lr3go/serialization.go:800.3,803.41 3 1
lr3go/serialization.go:803.41,805.4 1 1
lr3go/serialization.go:805.9,805.50 1 1
lr3go/serialization.go:805.50,807.4 1 1
lr3go/serialization.go:807.9,809.4 1 1
lr3go/serialization.go:811.3,811.33 1 1
lr3go/serialization.go:814.2,814.38 1 1
lr3go/serialization.go:814.38,816.3 1 0
lr3go/serialization.go:818.2,818.12 1 1
lr3go/serialization.go:822.57,824.16 2 1
lr3go/serialization.go:824.16,826.3 1 0
lr3go/serialization.go:827.2,834.16 5 1
lr3go/serialization.go:834.16,836.3 1 0
lr3go/serialization.go:839.2,839.29 1 1
lr3go/serialization.go:839.29,843.17 3 1
lr3go/serialization.go:843.17,845.4 1 0
lr3go/serialization.go:846.3,847.17 2 1
lr3go/serialization.go:847.17,849.4 1 0
lr3go/serialization.go:852.3,853.24 2 1
lr3go/serialization.go:853.24,855.4 1 1
lr3go/serialization.go:855.9,857.4 1 1
lr3go/serialization.go:858.3,859.17 2 1
lr3go/serialization.go:859.17,861.4 1 0
lr3go/serialization.go:864.2,864.12 1 1
lr3go/serialization.go:867.59,869.16 2 1
lr3go/serialization.go:869.16,871.3 1 0
lr3go/serialization.go:872.2,879.16 5 1
lr3go/serialization.go:879.16,881.3 1 0
lr3go/serialization.go:883.2,883.15 1 1
lr3go/serialization.go:883.15,885.3 1 0
lr3go/serialization.go:888.2,888.36 1 1
lr3go/serialization.go:888.36,892.17 3 1
lr3go/serialization.go:892.17,894.4 1 0
lr3go/serialization.go:896.3,896.18 1 1
lr3go/serialization.go:896.18,898.4 1 0
lr3go/serialization.go:900.3,902.17 3 1
lr3go/serialization.go:902.17,904.4 1 0
lr3go/serialization.go:905.3,905.26 1 1
lr3go/serialization.go:905.26,907.4 1 1
lr3go/serialization.go:908.3,913.17 4 1
lr3go/serialization.go:913.17,915.4 1 0
lr3go/serialization.go:917.3,918.21 2 1
lr3go/serialization.go:918.21,920.4 1 1
lr3go/serialization.go:920.9,920.28 1 1
lr3go/serialization.go:920.28,922.4 1 1
lr3go/serialization.go:922.9,924.4 1 0
lr3go/serialization.go:927.3,927.33 1 1
lr3go/serialization.go:930.2,930.12 1 1
lr3go/serialization.go:936.70,938.16 2 1
lr3go/serialization.go:938.16,940.3 1 1
lr3go/serialization.go:941.2,945.32 4 1
lr3go/serialization.go:945.32,947.3 1 1
lr3go/serialization.go:949.2,949.12 1 1
lr3go/serialization.go:952.72,954.16 2 1
lr3go/serialization.go:954.16,956.3 1 0
lr3go/serialization.go:957.2,963.16 4 1
lr3go/serialization.go:963.16,965.3 1 0
lr3go/serialization.go:966.2,967.16 2 1
lr3go/serialization.go:967.16,969.3 1 0
lr3go/serialization.go:971.2,972.28 2 1
lr3go/serialization.go:972.28,974.34 2 1
lr3go/serialization.go:974.34,976.4 1 0
lr3go/serialization.go:979.3,981.17 3 1
lr3go/serialization.go:981.17,983.4 1 1
lr3go/serialization.go:984.3,984.21 1 1
lr3go/serialization.go:987.2,987.12 1 1
lr3go/serialization.go:992.72,994.16 2 1
lr3go/serialization.go:994.16,996.3 1 0
lr3go/serialization.go:997.2,1004.16 5 1
lr3go/serialization.go:1004.16,1006.3 1 0
lr3go/serialization.go:1009.2,1009.32 1 1
lr3go/serialization.go:1009.32,1014.17 4 1
lr3go/serialization.go:1014.17,1016.4 1 0
lr3go/serialization.go:1018.3,1019.17 2 1
lr3go/serialization.go:1019.17,1021.4 1 0
lr3go/serialization.go:1024.2,1024.20 1 1
lr3go/serialization.go:1027.74,1029.16 2 1
lr3go/serialization.go:1029.16,1031.3 1 0
lr3go/serialization.go:1032.2,1037.16 4 1
lr3go/serialization.go:1037.16,1039.3 1 0
lr3go/serialization.go:1041.2,1041.15 1 1
lr3go/serialization.go:1041.15,1043.3 1 1
lr3go/serialization.go:1046.2,1047.36 2 1
lr3go/serialization.go:1047.36,1051.17 3 1
lr3go/serialization.go:1051.17,1052.21 1 1
lr3go/serialization.go:1052.21,1054.5 1 1
lr3go/serialization.go:1055.4,1055.79 1 0
lr3go/serialization.go:1058.3,1059.17 2 1
lr3go/serialization.go:1059.17,1060.21 1 1
lr3go/serialization.go:1060.21,1062.5 1 1
lr3go/serialization.go:1063.4,1063.85 1 0
lr3go/serialization.go:1066.3,1066.31 1 1
lr3go/serialization.go:1069.2,1069.12 1 1
lr3go/serialization.go:1094.91,1097.29 2 1
lr3go/serialization.go:1097.29,1098.48 1 1
lr3go/serialization.go:1098.48,1100.4 1 0
lr3go/serialization.go:1103.2,1103.18 1 1
lr3go/serialization.go:1104.13,1106.10 2 1
lr3go/serialization.go:1106.10,1108.4 1 0
lr3go/serialization.go:1109.3,1109.17 1 1
lr3go/serialization.go:1110.13,1111.41 1 1
lr3go/serialization.go:1112.15,1113.43 1 1
lr3go/serialization.go:1116.13,1118.10 2 1
lr3go/serialization.go:1118.10,1120.4 1 1
lr3go/serialization.go:1121.3,1121.17 1 1
lr3go/serialization.go:1122.13,1123.42 1 1
lr3go/serialization.go:1124.15,1125.44 1 1
lr3go/serialization.go:1128.13,1130.10 2 1
lr3go/serialization.go:1130.10,1132.4 1 0
lr3go/serialization.go:1133.3,1133.17 1 1
lr3go/serialization.go:1134.13,1135.42 1 1
lr3go/serialization.go:1136.15,1137.44 1 1
lr3go/serialization.go:1140.13,1142.10 2 1
lr3go/serialization.go:1142.10,1144.4 1 0
lr3go/serialization.go:1145.3,1145.17 1 1
lr3go/serialization.go:1146.13,1147.39 1 1
lr3go/serialization.go:1148.15,1149.41 1 1
lr3go/serialization.go:1152.13,1154.10 2 1
lr3go/serialization.go:1154.10,1156.4 1 0
lr3go/serialization.go:1157.3,1157.17 1 1
lr3go/serialization.go:1158.13,1159.39 1 1
lr3go/serialization.go:1160.15,1161.41 1 1
lr3go/serialization.go:1164.12,1166.10 2 1
lr3go/serialization.go:1166.10,1168.4 1 0
lr3go/serialization.go:1169.3,1169.17 1 1
lr3go/serialization.go:1170.13,1171.38 1 1
lr3go/serialization.go:1172.15,1173.40 1 1
lr3go/serialization.go:1176.17,1178.10 2 1
lr3go/serialization.go:1178.10,1180.4 1 0
lr3go/serialization.go:1181.3,1181.17 1 1
lr3go/serialization.go:1182.13,1183.42 1 1
lr3go/serialization.go:1184.15,1185.44 1 1
lr3go/serialization.go:1189.2,1189.95 1 1
lr3go/serialization.go:1193.91,1194.18 1 1
lr3go/serialization.go:1195.13,1197.10 2 1
lr3go/serialization.go:1197.10,1199.4 1 0
lr3go/serialization.go:1200.3,1200.17 1 1
lr3go/serialization.go:1201.13,1202.43 1 1
lr3go/serialization.go:1203.15,1204.45 1 1
lr3go/serialization.go:1207.13,1209.10 2 1
lr3go/serialization.go:1209.10,1211.4 1 0
lr3go/serialization.go:1212.3,1212.17 1 1
lr3go/serialization.go:1213.13,1214.44 1 1
lr3go/serialization.go:1215.15,1216.46 1 1
lr3go/serialization.go:1219.13,1221.10 2 1
lr3go/serialization.go:1221.10,1223.4 1 0
lr3go/serialization.go:1224.3,1224.17 1 1
lr3go/serialization.go:1225.13,1226.44 1 1
lr3go/serialization.go:1227.15,1228.46 1 1
lr3go/serialization.go:1231.13,1233.10 2 1
lr3go/serialization.go:1233.10,1235.4 1 0
lr3go/serialization.go:1236.3,1236.17 1 1
lr3go/serialization.go:1237.13,1238.41 1 1
lr3go/serialization.go:1239.15,1240.43 1 1
lr3go/serialization.go:1243.13,1245.10 2 1
lr3go/serialization.go:1245.10,1247.4 1 0
lr3go/serialization.go:1248.3,1248.17 1 1
lr3go/serialization.go:1249.13,1250.41 1 1
lr3go/serialization.go:1251.15,1252.43 1 1
lr3go/serialization.go:1255.12,1257.10 2 1
lr3go/serialization.go:1257.10,1259.4 1 0
lr3go/serialization.go:1260.3,1260.17 1 1
lr3go/serialization.go:1261.13,1262.40 1 1
lr3go/serialization.go:1263.15,1264.42 1 1
lr3go/serialization.go:1267.17,1269.10 2 1
lr3go/serialization.go:1269.10,1271.4 1 0
lr3go/serialization.go:1272.3,1272.17 1 1
lr3go/serialization.go:1273.13,1274.44 1 1
lr3go/serialization.go:1275.15,1276.46 1 1
lr3go/serialization.go:1280.2,1280.95 1 0
lr3go/slist.go:17.24,22.2 1 1
lr3go/slist.go:24.27,28.2 3 1
lr3go/slist.go:30.43,37.2 3 1
lr3go/slist.go:39.43,45.19 2 1
lr3go/slist.go:45.19,47.3 1 1
lr3go/slist.go:47.8,49.27 2 1
lr3go/slist.go:49.27,51.4 1 1
lr3go/slist.go:52.3,52.25 1 1
lr3go/slist.go:54.2,54.10 1 1
lr3go/slist.go:57.53,58.19 1 1
lr3go/slist.go:58.19,61.3 2 1
lr3go/slist.go:63.2,63.27 1 1
lr3go/slist.go:63.27,66.3 2 1
lr3go/slist.go:68.2,69.57 2 1
lr3go/slist.go:69.57,71.3 1 1
lr3go/slist.go:73.2,73.25 1 1
lr3go/slist.go:73.25,80.3 3 1
lr3go/slist.go:83.52,85.47 2 1
lr3go/slist.go:85.47,87.3 1 1
lr3go/slist.go:89.2,89.20 1 1
lr3go/slist.go:89.20,96.3 3 1
lr3go/slist.go:99.33,100.19 1 1
lr3go/slist.go:100.19,103.3 2 1
lr3go/slist.go:105.2,106.10 2 1
lr3go/slist.go:109.33,110.19 1 1
lr3go/slist.go:110.19,113.3 2 1
lr3go/slist.go:115.2,115.24 1 1
lr3go/slist.go:115.24,117.3 1 0
lr3go/slist.go:117.8,119.32 2 1
lr3go/slist.go:119.32,121.4 1 1
lr3go/slist.go:122.3,122.21 1 1
lr3go/slist.go:124.2,124.10 1 1
lr3go/slist.go:127.48,128.41 1 1
lr3go/slist.go:128.41,131.3 2 1
lr3go/slist.go:133.2,133.27 1 1
lr3go/slist.go:133.27,136.3 2 1
lr3go/slist.go:138.2,138.32 1 1
lr3go/slist.go:138.32,141.3 2 1
lr3go/slist.go:143.2,144.67 2 1
lr3go/slist.go:144.67,146.3 1 0
lr3go/slist.go:148.2,148.30 1 1
lr3go/slist.go:148.30,151.3 2 0
lr3go/slist.go:154.47,156.47 2 1
lr3go/slist.go:156.47,158.3 1 1
lr3go/slist.go:160.2,160.43 1 1
lr3go/slist.go:160.43,163.3 2 0
lr3go/slist.go:166.46,167.19 1 1
lr3go/slist.go:167.19,170.3 2 1
lr3go/slist.go:172.2,172.26 1 1
lr3go/slist.go:172.26,175.3 2 1
lr3go/slist.go:177.2,178.56 2 1
lr3go/slist.go:178.56,180.3 1 0
lr3go/slist.go:182.2,182.25 1 1
lr3go/slist.go:182.25,185.3 2 1
lr3go/slist.go:188.45,191.21 3 1
lr3go/slist.go:191.21,192.28 1 1
lr3go/slist.go:192.28,194.4 1 1
lr3go/slist.go:195.3,196.10 2 1
lr3go/slist.go:198.2,198.14 1 1
lr3go/slist.go:201.50,202.34 1 1
lr3go/slist.go:202.34,204.3 1 1
lr3go/slist.go:206.2,207.29 2 1
lr3go/slist.go:207.29,209.3 1 1
lr3go/slist.go:210.2,210.26 1 1
lr3go/slist.go:213.35,214.19 1 1
lr3go/slist.go:214.19,217.3 2 1
lr3go/slist.go:219.2,221.21 3 1
lr3go/slist.go:221.21,223.26 2 1
lr3go/slist.go:223.26,225.4 1 1
lr3go/slist.go:226.3,226.25 1 1
lr3go/slist.go:228.2,228.25 1 1
lr3go/slist.go:231.44,232.17 1 1
lr3go/slist.go:232.17,234.3 1 1
lr3go/slist.go:235.2,237.20 3 1
lr3go/slist.go:237.20,239.3 1 1
lr3go/slist.go:242.36,243.19 1 1
lr3go/slist.go:243.19,246.3 2 1
lr3go/slist.go:248.2,250.15 3 1
lr3go/slist.go:253.32,255.2 1 1
lr3go/slist.go:258.35,261.21 3 1
lr3go/slist.go:261.21,264.3 2 1
lr3go/slist.go:265.2,265.15 1 1
lr3go/slist.go:268.40,270.39 2 1
lr3go/slist.go:270.39,272.3 1 1
lr3go/stack.go:17.24,22.2 1 1
lr3go/stack.go:24.26,28.2 3 1
lr3go/stack.go:30.37,37.2 3 1
lr3go/stack.go:39.40,40.18 1 1
lr3go/stack.go:40.18,42.3 1 1
lr3go/stack.go:44.2,47.19 4 1
lr3go/stack.go:50.40,51.18 1 1
lr3go/stack.go:51.18,53.3 1 1
lr3go/stack.go:54.2,54.24 1 1
lr3go/stack.go:57.26,58.18 1 1
lr3go/stack.go:58.18,61.3 2 1
lr3go/stack.go:63.2,65.21 3 1
lr3go/stack.go:65.21,67.26 2 1
lr3go/stack.go:67.26,69.4 1 0
lr3go/stack.go:70.3,70.25 1 1
lr3go/stack.go:72.2,72.25 1 1
lr3go/stack.go:75.32,77.2 1 1
lr3go/stack.go:79.28,81.2 1 1
lr3go/stack.go:84.35,87.21 3 1
lr3go/stack.go:87.21,90.3 2 1
lr3go/stack.go:91.2,91.15 1 1
lr3go/stack.go:94.40,96.39 2 1
lr3go/stack.go:96.39,98.3 1 1
lr3go/tree.go:27.26,39.2 2 1
lr3go/tree.go:41.50,49.2 1 1
lr3go/tree.go:51.40,57.17 4 1
lr3go/tree.go:57.17,59.22 2 1
lr3go/tree.go:59.22,61.4 1 1
lr3go/tree.go:61.9,61.29 1 1
lr3go/tree.go:61.29,63.4 1 1
lr3go/tree.go:63.9,67.4 2 1
lr3go/tree.go:71.2,72.16 2 1
lr3go/tree.go:72.16,74.3 1 1
lr3go/tree.go:74.8,74.28 1 1
lr3go/tree.go:74.28,76.3 1 1
lr3go/tree.go:76.8,78.3 1 1
lr3go/tree.go:80.2,80.18 1 1
lr3go/tree.go:83.39,87.21 3 1
lr3go/tree.go:87.21,89.3 1 1
lr3go/tree.go:91.2,93.23 2 1
lr3go/tree.go:93.23,95.3 1 1
lr3go/tree.go:95.8,95.31 1 1
lr3go/tree.go:95.31,97.3 1 1
lr3go/tree.go:97.8,99.3 1 1
lr3go/tree.go:101.2,102.14 2 1
lr3go/tree.go:105.40,109.22 3 1
lr3go/tree.go:109.22,111.3 1 1
lr3go/tree.go:113.2,115.23 2 1
lr3go/tree.go:115.23,117.3 1 1
lr3go/tree.go:117.8,117.32 1 1
lr3go/tree.go:117.32,119.3 1 1
lr3go/tree.go:119.8,121.3 1 1
lr3go/tree.go:123.2,124.14 2 1
lr3go/tree.go:127.40,128.28 1 1
lr3go/tree.go:128.28,129.39 1 1
lr3go/tree.go:129.39,132.22 2 1
lr3go/tree.go:132.22,138.5 4 1
lr3go/tree.go:138.10,139.28 1 1
lr3go/tree.go:139.28,143.6 2 1
lr3go/tree.go:145.5,147.35 3 1
lr3go/tree.go:149.9,153.22 2 1
lr3go/tree.go:153.22,158.5 4 1
lr3go/tree.go:158.10,159.27 1 1
lr3go/tree.go:159.27,162.6 2 1
lr3go/tree.go:163.5,165.34 3 1
lr3go/tree.go:169.2,169.22 1 1
lr3go/tree.go:172.46,173.25 1 1
lr3go/tree.go:173.25,175.3 1 1
lr3go/tree.go:176.2,176.13 1 1
lr3go/tree.go:179.42,180.23 1 1
lr3go/tree.go:180.23,182.3 1 1
lr3go/tree.go:182.8,182.31 1 1
lr3go/tree.go:182.31,184.3 1 1
lr3go/tree.go:184.8,186.3 1 1
lr3go/tree.go:187.2,187.21 1 1
lr3go/tree.go:190.40,191.38 1 1
lr3go/tree.go:191.38,192.25 1 1
lr3go/tree.go:192.25,195.22 2 1
lr3go/tree.go:195.22,200.5 4 0
lr3go/tree.go:202.4,202.55 1 1
lr3go/tree.go:202.55,205.5 2 1
lr3go/tree.go:205.10,206.31 1 1
lr3go/tree.go:206.31,211.6 4 0
lr3go/tree.go:213.5,217.15 5 1
lr3go/tree.go:219.9,223.22 2 1
lr3go/tree.go:223.22,228.5 4 0
lr3go/tree.go:230.4,230.55 1 1
lr3go/tree.go:230.55,233.5 2 1
lr3go/tree.go:233.10,234.30 1 0
lr3go/tree.go:234.30,239.6 4 0
lr3go/tree.go:241.5,245.15 5 0
lr3go/tree.go:249.2,249.17 1 1
lr3go/tree.go:252.40,255.17 2 1
lr3go/tree.go:255.17,256.22 1 1
lr3go/tree.go:256.22,257.9 1 1
lr3go/tree.go:258.9,258.28 1 1
lr3go/tree.go:258.28,260.4 1 1
lr3go/tree.go:260.9,262.4 1 1
lr3go/tree.go:265.2,265.16 1 1
lr3go/tree.go:265.16,267.3 1 1
lr3go/tree.go:269.2,273.21 4 1
lr3go/tree.go:273.21,276.3 2 1
lr3go/tree.go:276.8,276.29 1 1
lr3go/tree.go:276.29,279.3 2 1
lr3go/tree.go:279.8,284.20 4 1
lr3go/tree.go:284.20,286.4 1 1
lr3go/tree.go:286.9,290.4 3 1
lr3go/tree.go:292.3,295.20 4 1
lr3go/tree.go:298.2,298.29 1 1
lr3go/tree.go:298.29,300.3 1 1
lr3go/tree.go:303.45,305.23 2 1
lr3go/tree.go:305.23,306.28 1 1
lr3go/tree.go:306.28,308.4 1 1
lr3go/tree.go:308.9,308.34 1 1
lr3go/tree.go:308.34,310.4 1 1
lr3go/tree.go:310.9,312.4 1 1
lr3go/tree.go:314.2,314.14 1 1
lr3go/tree.go:317.53,319.23 2 1
lr3go/tree.go:319.23,320.28 1 1
lr3go/tree.go:320.28,322.4 1 1
lr3go/tree.go:322.9,322.34 1 1
lr3go/tree.go:322.34,324.4 1 1
lr3go/tree.go:324.9,326.4 1 1
lr3go/tree.go:328.2,328.59 1 1
lr3go/tree.go:331.57,332.19 1 1
lr3go/tree.go:332.19,336.3 3 1
lr3go/tree.go:339.35,340.21 1 1
lr3go/tree.go:340.21,343.3 2 1
lr3go/tree.go:345.2,348.29 4 1
lr3go/tree.go:348.29,350.24 2 1
lr3go/tree.go:350.24,352.4 1 1
lr3go/tree.go:354.2,354.15 1 1
lr3go/tree.go:357.40,358.19 1 1
lr3go/tree.go:358.19,362.3 3 1
lr3go/tree.go:365.36,366.21 1 1
lr3go/tree.go:366.21,369.3 2 1
lr3go/tree.go:371.2,373.15 3 1
lr3go/tree.go:376.41,377.19 1 1
lr3go/tree.go:377.19,381.3 3 1
lr3go/tree.go:384.37,385.21 1 1
lr3go/tree.go:385.21,388.3 2 1
lr3go/tree.go:390.2,392.15 3 1
lr3go/tree.go:395.69,396.19 1 1
lr3go/tree.go:396.19,398.13 2 1
lr3go/tree.go:398.13,400.4 1 1
lr3go/tree.go:400.9,402.4 1 1
lr3go/tree.go:403.3,405.47 2 1
lr3go/tree.go:405.47,406.14 1 1
lr3go/tree.go:406.14,408.5 1 1
lr3go/tree.go:409.4,409.17 1 1
lr3go/tree.go:411.3,411.48 1 1
lr3go/tree.go:411.48,412.14 1 1
lr3go/tree.go:412.14,414.5 1 1
lr3go/tree.go:415.4,415.17 1 1
lr3go/tree.go:420.32,421.21 1 1
lr3go/tree.go:421.21,424.3 2 1
lr3go/tree.go:426.2,427.32 2 1
lr3go/tree.go:430.40,431.18 1 1
lr3go/tree.go:431.18,433.3 1 1
lr3go/tree.go:434.2,434.12 1 1
lr3go/tree.go:437.41,438.19 1 1
lr3go/tree.go:438.19,441.3 2 1
lr3go/tree.go:444.26,447.2 2 1
lr3go/tree.go:450.44,452.21 2 1
lr3go/tree.go:452.21,454.3 1 1
lr3go/tree.go:456.2,457.21 2 1
lr3go/tree.go:457.21,461.20 3 1
lr3go/tree.go:461.20,464.4 2 1
lr3go/tree.go:466.2,466.15 1 1
lr3go/tree.go:472.3,477.21 2 1
lr3go/tree.go:477.21,479.3 1 1
lr3go/tree.go:481.2,482.21 2 1
lr3go/tree.go:482.21,486.20 3 1
lr3go/tree.go:486.20,495.4 2 1
lr3go/tree.go:497.2,497.15 1 1
lr3go/tree.go:500.42,502.2 1 0
lr3go/tree.go:504.61,512.17 5 1
lr3go/tree.go:512.17,514.25 2 1
lr3go/tree.go:514.25,516.4 1 1
lr3go/tree.go:516.9,518.4 1 1
lr3go/tree.go:522.2,523.16 2 1
lr3go/tree.go:523.16,525.3 1 1
lr3go/tree.go:525.8,525.31 1 1
lr3go/tree.go:525.31,527.3 1 1
lr3go/tree.go:527.8,529.3 1 1
lr3go/tree.go:533.46,537.2 3 1
lr3go/tree.go:539.72,540.19 1 1
lr3go/tree.go:540.19,544.3 3 1
lr3go/tree.go:548.31,549.21 1 1
lr3go/tree.go:549.21,551.3 1 1
lr3go/tree.go:552.2,553.18 2 1
lr3go/tree.go:557.31,558.21 1 1
lr3go/tree.go:558.21,560.3 1 1
lr3go/tree.go:561.2,562.26 2 1
lr3go/tree.go:562.26,564.3 1 1
lr3go/tree.go:565.2,565.18 1 1
